// Jest Snapshot v1, https://goo.gl/fbAQLP

exports[`it should get font variants 1`] = `
Array [
  Object {
    "fontFamilyId": "roboto",
    "fontSlant": "upright",
    "fontWeight": "ultralight",
  },
  Object {
    "fontFamilyId": "roboto",
    "fontSlant": "italic",
    "fontWeight": "ultralight",
  },
  Object {
    "fontFamilyId": "roboto",
    "fontSlant": "upright",
    "fontWeight": "light",
  },
  Object {
    "fontFamilyId": "roboto",
    "fontSlant": "italic",
    "fontWeight": "light",
  },
  Object {
    "fontFamilyId": "roboto",
    "fontSlant": "upright",
    "fontWeight": "regular",
  },
  Object {
    "fontFamilyId": "roboto",
    "fontSlant": "italic",
    "fontWeight": "regular",
  },
  Object {
    "fontFamilyId": "roboto",
    "fontSlant": "upright",
    "fontWeight": "medium",
  },
  Object {
    "fontFamilyId": "roboto",
    "fontSlant": "italic",
    "fontWeight": "medium",
  },
  Object {
    "fontFamilyId": "roboto",
    "fontSlant": "upright",
    "fontWeight": "bold",
  },
  Object {
    "fontFamilyId": "roboto",
    "fontSlant": "italic",
    "fontWeight": "bold",
  },
  Object {
    "fontFamilyId": "roboto",
    "fontSlant": "upright",
    "fontWeight": "black",
  },
  Object {
    "fontFamilyId": "roboto",
    "fontSlant": "italic",
    "fontWeight": "black",
  },
]
`;
