// Jest Snapshot v1, https://goo.gl/fbAQLP

exports[`it should decode 1`] = `
Object {
  "document": Object {
    "_class": "document",
    "assets": Object {
      "_class": "assetCollection",
      "colorAssets": Array [],
      "colors": Array [],
      "do_objectID": "142A5F95-0C29-4344-9427-220C0A9F3275",
      "exportPresets": Array [],
      "gradientAssets": Array [],
      "gradients": Array [],
      "imageCollection": Object {
        "_class": "imageCollection",
        "images": Object {},
      },
      "images": Array [],
    },
    "colorSpace": 0,
    "currentPageIndex": 0,
    "do_objectID": "1C727630-B463-43F8-9ACB-4061FE35251B",
    "documentState": Object {
      "_class": "documentState",
    },
    "fontReferences": Array [],
    "foreignLayerStyles": Array [],
    "foreignSwatches": Array [
      Object {
        "_class": "MSImmutableForeignSwatch",
        "do_objectID": "DC9835AA-09B9-4C28-B4B2-342F8889FBE0",
        "libraryID": "8902D83A-FDDA-4C49-9EF6-D2C58C9F71E9",
        "localSwatch": Object {
          "_class": "swatch",
          "do_objectID": "C9E211AA-59D2-48F4-870C-292C5D0AA032",
          "name": "5. Amazonite",
          "value": Object {
            "_class": "color",
            "alpha": 1,
            "blue": 0.7137254901960784,
            "green": 0.8431372549019608,
            "red": 0.2666666666666667,
          },
        },
        "remoteSwatchID": "EF7B5E12-0F72-42BB-8767-A6FFB04B9BEC",
        "sourceLibraryName": "Migrated Global Colors",
        "symbolPrivate": false,
      },
    ],
    "foreignSymbols": Array [],
    "foreignTextStyles": Array [],
    "layerStyles": Object {
      "_class": "sharedStyleContainer",
      "do_objectID": "7D3BE70A-942E-4E17-A817-000175E758D5",
      "objects": Array [],
    },
    "layerSymbols": Object {
      "_class": "symbolContainer",
      "do_objectID": "C928A506-B771-48BB-A684-872A1D0F36D1",
      "objects": Array [],
    },
    "layerTextStyles": Object {
      "_class": "sharedTextStyleContainer",
      "do_objectID": "BA21EEF8-8DB4-417A-97B5-4A2651FC8FBB",
      "objects": Array [],
    },
    "pages": Array [
      Object {
        "_class": "MSJSONFileReference",
        "_ref": "pages/D7CB52F1-C501-4F13-863B-A0D1B5FFA486",
        "_ref_class": "MSImmutablePage",
      },
    ],
    "sharedSwatches": Object {
      "_class": "swatchContainer",
      "do_objectID": "71A75562-8287-4001-B355-F08503EFDBF3",
      "objects": Array [],
    },
  },
  "images": Object {},
  "meta": Object {
    "app": "com.bohemiancoding.sketch3",
    "appVersion": "70.2",
    "autosaved": 0,
    "build": 109071,
    "commit": "f63936d75e8e7e0fa9213cfa45ffaf6ddd3e36ca",
    "compatibilityVersion": 99,
    "created": Object {
      "app": "com.bohemiancoding.sketch3",
      "appVersion": "70.2",
      "build": 109071,
      "commit": "f63936d75e8e7e0fa9213cfa45ffaf6ddd3e36ca",
      "compatibilityVersion": 99,
      "variant": "NONAPPSTORE",
      "version": 134,
    },
    "fonts": Array [],
    "pagesAndArtboards": Object {
      "D7CB52F1-C501-4F13-863B-A0D1B5FFA486": Object {
        "artboards": Object {},
        "name": "Page 1",
      },
    },
    "saveHistory": Array [
      "NONAPPSTORE.109071",
    ],
    "variant": "NONAPPSTORE",
    "version": 134,
  },
  "pages": Array [
    Object {
      "_class": "page",
      "booleanOperation": -1,
      "clippingMaskMode": 0,
      "do_objectID": "D7CB52F1-C501-4F13-863B-A0D1B5FFA486",
      "exportOptions": Object {
        "_class": "exportOptions",
        "exportFormats": Array [],
        "includedLayerIds": Array [],
        "layerOptions": 0,
        "shouldTrim": false,
      },
      "frame": Object {
        "_class": "rect",
        "constrainProportions": true,
        "height": 0,
        "width": 0,
        "x": 0,
        "y": 0,
      },
      "groupLayout": Object {
        "_class": "MSImmutableFreeformGroupLayout",
      },
      "hasClickThrough": true,
      "hasClippingMask": false,
      "horizontalRulerData": Object {
        "_class": "rulerData",
        "base": 0,
        "guides": Array [],
      },
      "includeInCloudUpload": true,
      "isFixedToViewport": false,
      "isFlippedHorizontal": false,
      "isFlippedVertical": false,
      "isLocked": false,
      "isVisible": true,
      "layerListExpandedType": 0,
      "layers": Array [
        Object {
          "_class": "rectangle",
          "booleanOperation": -1,
          "clippingMaskMode": 0,
          "do_objectID": "A1C9FB6A-DD3E-4CB5-93EF-59FF90CCEBFA",
          "edited": false,
          "exportOptions": Object {
            "_class": "exportOptions",
            "exportFormats": Array [],
            "includedLayerIds": Array [],
            "layerOptions": 0,
            "shouldTrim": false,
          },
          "fixedRadius": 0,
          "frame": Object {
            "_class": "rect",
            "constrainProportions": false,
            "height": 226,
            "width": 266,
            "x": 356,
            "y": 228,
          },
          "hasClippingMask": false,
          "hasConvertedToNewRoundCorners": true,
          "isClosed": true,
          "isFixedToViewport": false,
          "isFlippedHorizontal": false,
          "isFlippedVertical": false,
          "isLocked": false,
          "isVisible": true,
          "layerListExpandedType": 0,
          "name": "Rectangle",
          "nameIsFixed": false,
          "needsConvertionToNewRoundCorners": false,
          "pointRadiusBehaviour": 1,
          "points": Array [
            Object {
              "_class": "curvePoint",
              "cornerRadius": 0,
              "curveFrom": "{0, 0}",
              "curveMode": 1,
              "curveTo": "{0, 0}",
              "hasCurveFrom": false,
              "hasCurveTo": false,
              "point": "{0, 0}",
            },
            Object {
              "_class": "curvePoint",
              "cornerRadius": 0,
              "curveFrom": "{1, 0}",
              "curveMode": 1,
              "curveTo": "{1, 0}",
              "hasCurveFrom": false,
              "hasCurveTo": false,
              "point": "{1, 0}",
            },
            Object {
              "_class": "curvePoint",
              "cornerRadius": 0,
              "curveFrom": "{1, 1}",
              "curveMode": 1,
              "curveTo": "{1, 1}",
              "hasCurveFrom": false,
              "hasCurveTo": false,
              "point": "{1, 1}",
            },
            Object {
              "_class": "curvePoint",
              "cornerRadius": 0,
              "curveFrom": "{0, 1}",
              "curveMode": 1,
              "curveTo": "{0, 1}",
              "hasCurveFrom": false,
              "hasCurveTo": false,
              "point": "{0, 1}",
            },
          ],
          "resizingConstraint": 63,
          "resizingType": 0,
          "rotation": 0,
          "shouldBreakMaskChain": false,
          "style": Object {
            "_class": "style",
            "blur": Object {
              "_class": "blur",
              "center": "{0.5, 0.5}",
              "isEnabled": false,
              "motionAngle": 0,
              "radius": 10,
              "saturation": 1,
              "type": 0,
            },
            "borderOptions": Object {
              "_class": "borderOptions",
              "dashPattern": Array [],
              "isEnabled": true,
              "lineCapStyle": 0,
              "lineJoinStyle": 0,
            },
            "borders": Array [],
            "colorControls": Object {
              "_class": "colorControls",
              "brightness": 0,
              "contrast": 1,
              "hue": 0,
              "isEnabled": false,
              "saturation": 1,
            },
            "contextSettings": Object {
              "_class": "graphicsContextSettings",
              "blendMode": 0,
              "opacity": 1,
            },
            "do_objectID": "FF9276E1-5D78-4B3B-9C8A-E483342A4751",
            "endMarkerType": 0,
            "fills": Array [
              Object {
                "_class": "fill",
                "color": Object {
                  "_class": "color",
                  "alpha": 1,
                  "blue": 1,
                  "green": 0.6895309893279358,
                  "red": 0.2805640243902439,
                },
                "contextSettings": Object {
                  "_class": "graphicsContextSettings",
                  "blendMode": 0,
                  "opacity": 1,
                },
                "fillType": 0,
                "gradient": Object {
                  "_class": "gradient",
                  "elipseLength": 0,
                  "from": "{0.5, 0}",
                  "gradientType": 0,
                  "stops": Array [
                    Object {
                      "_class": "gradientStop",
                      "color": Object {
                        "_class": "color",
                        "alpha": 1,
                        "blue": 1,
                        "green": 1,
                        "red": 1,
                      },
                      "position": 0,
                    },
                    Object {
                      "_class": "gradientStop",
                      "color": Object {
                        "_class": "color",
                        "alpha": 1,
                        "blue": 0,
                        "green": 0,
                        "red": 0,
                      },
                      "position": 1,
                    },
                  ],
                  "to": "{0.5, 1}",
                },
                "isEnabled": true,
                "noiseIndex": 0,
                "noiseIntensity": 0,
                "patternFillType": 1,
                "patternTileScale": 1,
              },
            ],
            "innerShadows": Array [],
            "miterLimit": 10,
            "shadows": Array [],
            "startMarkerType": 0,
            "windingRule": 1,
          },
        },
      ],
      "name": "Page 1",
      "nameIsFixed": false,
      "resizingConstraint": 63,
      "resizingType": 0,
      "rotation": 0,
      "shouldBreakMaskChain": false,
      "style": Object {
        "_class": "style",
        "blur": Object {
          "_class": "blur",
          "center": "{0.5, 0.5}",
          "isEnabled": false,
          "motionAngle": 0,
          "radius": 10,
          "saturation": 1,
          "type": 0,
        },
        "borderOptions": Object {
          "_class": "borderOptions",
          "dashPattern": Array [],
          "isEnabled": true,
          "lineCapStyle": 0,
          "lineJoinStyle": 0,
        },
        "borders": Array [],
        "colorControls": Object {
          "_class": "colorControls",
          "brightness": 0,
          "contrast": 1,
          "hue": 0,
          "isEnabled": false,
          "saturation": 1,
        },
        "contextSettings": Object {
          "_class": "graphicsContextSettings",
          "blendMode": 0,
          "opacity": 1,
        },
        "do_objectID": "290F12BF-153C-493E-A31F-A4F798A2BEC8",
        "endMarkerType": 0,
        "fills": Array [],
        "innerShadows": Array [],
        "miterLimit": 10,
        "shadows": Array [],
        "startMarkerType": 0,
        "windingRule": 1,
      },
      "verticalRulerData": Object {
        "_class": "rulerData",
        "base": 0,
        "guides": Array [],
      },
    },
  ],
  "user": Object {
    "D7CB52F1-C501-4F13-863B-A0D1B5FFA486": Object {
      "scrollOrigin": "{0, 0}",
      "zoomValue": 1,
    },
    "document": Object {
      "componentSidebarTreeStructure": 0,
      "pageListCollapsed": 0,
      "pageListHeight": 182.5,
    },
  },
}
`;
