// Jest Snapshot v1, https://goo.gl/fbAQLP

exports[`renders default 1`] = `
"<Box
  display=\\"flex\\"
  flexDirection=\\"column\\"
  alignItems=\\"center\\"
  justifyContent=\\"center\\"
  p=\\"2.5rem\\"
  flex=\\"1\\"
  gap=\\"1rem\\"
>
  <Tag>New</Tag>
  <Text fontSize=\\"5xl\\" lineHeight=\\"1\\" textAlign=\\"center\\">
    Create, iterate, inspire.
  </Text>
  <Text fontSize=\\"2xl\\" lineHeight=\\"1\\" textAlign=\\"center\\">
    Turn great ideas into new possibilities.
  </Text>
  <Box display=\\"flex\\" alignItems=\\"center\\" gap=\\"1rem\\" mt=\\"0.5rem\\">
    <Button>Get Started</Button>
    <Link>Learn More</Link>
  </Box>
</Box>;
"
`;

exports[`theme generates transformer 1`] = `
"import { extendTheme, withDefaultColorScheme } from '@chakra-ui/react';

export const theme = extendTheme(
  {
    colorMode: 'light',
    colors: {
      primary: {
        50: '#f5f3ff',
        100: '#ede9fe',
        200: '#ddd6fe',
        300: '#c4b5fd',
        400: '#a78bfa',
        500: '#8b5cf6',
        600: '#7c3aed',
        700: '#6d28d9',
        800: '#5b21b6',
        900: '#4c1d95',
        950: '#2e1065',
      },
      neutral: {
        50: '#f8fafc',
        100: '#f1f5f9',
        200: '#e2e8f0',
        300: '#cbd5e1',
        400: '#94a3b8',
        500: '#64748b',
        600: '#475569',
        700: '#334155',
        800: '#1e293b',
        900: '#0f172a',
        950: '#020617',
      },
    },
  },
  withDefaultColorScheme({ colorScheme: 'primary' }),
  { config: { initialColorMode: 'light' } }
);
"
`;
