// Jest Snapshot v1, https://goo.gl/fbAQLP

exports[`snapping pairs 1`] = `
Object {
  "xPairs": Array [
    Object {
      "source": 0,
      "target": 0,
      "targetId": "2",
    },
    Object {
      "source": 0,
      "target": 50,
      "targetId": "2",
    },
    Object {
      "source": 0,
      "target": 100,
      "targetId": "2",
    },
    Object {
      "source": 50,
      "target": 0,
      "targetId": "2",
    },
    Object {
      "source": 50,
      "target": 50,
      "targetId": "2",
    },
    Object {
      "source": 50,
      "target": 100,
      "targetId": "2",
    },
    Object {
      "source": 100,
      "target": 0,
      "targetId": "2",
    },
    Object {
      "source": 100,
      "target": 50,
      "targetId": "2",
    },
    Object {
      "source": 100,
      "target": 100,
      "targetId": "2",
    },
  ],
  "yPairs": Array [
    Object {
      "source": 0,
      "target": 104,
      "targetId": "2",
    },
    Object {
      "source": 0,
      "target": 154,
      "targetId": "2",
    },
    Object {
      "source": 0,
      "target": 204,
      "targetId": "2",
    },
    Object {
      "source": 50,
      "target": 104,
      "targetId": "2",
    },
    Object {
      "source": 50,
      "target": 154,
      "targetId": "2",
    },
    Object {
      "source": 50,
      "target": 204,
      "targetId": "2",
    },
    Object {
      "source": 100,
      "target": 104,
      "targetId": "2",
    },
    Object {
      "source": 100,
      "target": 154,
      "targetId": "2",
    },
    Object {
      "source": 100,
      "target": 204,
      "targetId": "2",
    },
  ],
}
`;

exports[`snapping pairs 2`] = `
Object {
  "x": 0,
  "y": -4,
}
`;
