// Jest Snapshot v1, https://goo.gl/fbAQLP

exports[`serializes block with layer text 1`] = `
Array [
  Object {
    "children": Array [
      Object {
        "text": "",
      },
    ],
    "label": "Heading2",
    "layerId": "ef2d5b26-aa1c-40d3-8bab-37c10bccc5cb",
    "placeholder": "Create, iterate, inspire.",
    "symbolId": "b3884865-3fbe-4ed0-b577-c3f5864c4a21",
    "type": "paragraph",
  },
  Object {
    "children": Array [
      Object {
        "text": "hello",
      },
    ],
    "label": "Heading5",
    "layerId": "aa722c35-9ba4-4bf3-a5d0-f7d17f02c361",
    "placeholder": "Turn great ideas into new possibilities. #mb-4",
    "symbolId": "a6f2653e-1595-4dcc-b979-4e0b1340fda3",
    "type": "paragraph",
  },
  Object {
    "children": Array [
      Object {
        "text": "",
      },
    ],
    "label": "Button",
    "layerId": "6b386c69-d6cf-4c2f-ae06-c92af43268d5",
    "placeholder": "Get started #primary #md",
    "symbolId": "cdf2346b-cb21-4f23-8d93-7c4fb2e3a5a0",
    "type": "paragraph",
  },
  Object {
    "children": Array [
      Object {
        "text": "",
      },
    ],
    "label": "Link",
    "layerId": "eee85c94-7361-4bcf-8afb-f59c6e8661f7",
    "placeholder": "Learn more #text-slate-800 #icon-arrow-forward",
    "symbolId": "5be80b87-7bd6-4090-8947-316d54064544",
    "type": "paragraph",
  },
  Object {
    "children": Array [
      Object {
        "text": "",
      },
    ],
    "layerId": undefined,
    "placeholder": undefined,
    "symbolId": "61eb943b-7ee7-4b33-9315-aac7cb2d2764",
    "type": "paragraph",
  },
]
`;
